// Jest Snapshot v1, https://goo.gl/fbAQLP

exports[`Pruebas en componente GifItem Evaluar el snapshot 1`] = `
<div>
  <div
    class="card"
  >
    <img
      alt="Saitama"
      src="https://onepunch.com/saitama"
    />
    <p>
      Saitama
    </p>
  </div>
</div>
`;
